Server running at http://localhost:8080/
Serving index.html by default.
GET /
GET /vendor/chart.min.js
GET /vendor/papaparse.min.js
GET /github_activity_log.csv
GET /github_stats_history.csv
GET /favicon.ico
GET /
GET /vendor/chart.min.js
GET /vendor/papaparse.min.js
GET /github_stats_history.csv
GET /github_activity_log.csv
GET /favicon.ico
GET /
GET /vendor/papaparse.min.js
GET /vendor/chart.min.js
GET /github_activity_log.csv
GET /github_stats_history.csv
GET /favicon.ico
GET /favicon.ico
GET /favicon.ico
GET /
GET /vendor/chart.min.js
GET /vendor/papaparse.min.js
GET /github_stats_history.csv
GET /github_activity_log.csv
GET /favicon.ico
GET /
GET /vendor/chart.min.js
GET /vendor/papaparse.min.js
GET /github_stats_history.csv
GET /github_activity_log.csv
GET /favicon.ico
GET /
GET /vendor/chart.min.js
GET /vendor/papaparse.min.js
GET /github_stats_history.csv
GET /github_activity_log.csv
GET /favicon.ico
GET /
GET /vendor/chart.min.js
GET /vendor/papaparse.min.js
GET /github_stats_history.csv
GET /github_activity_log.csv
GET /favicon.ico
GET /
GET /vendor/chart.min.js
GET /vendor/papaparse.min.js
GET /github_stats_history.csv
GET /github_activity_log.csv
GET /favicon.ico
GET /
GET /vendor/chart.min.js
GET /vendor/papaparse.min.js
GET /github_stats_history.csv
GET /github_activity_log.csv
GET /favicon.ico
GET /
GET /vendor/chart.min.js
GET /vendor/papaparse.min.js
GET /github_stats_history.csv
GET /github_activity_log.csv
GET /favicon.ico
GET /
GET /vendor/chart.min.js
GET /vendor/papaparse.min.js
GET /github_stats_history.csv
GET /github_activity_log.csv
GET /favicon.ico
GET /
GET /vendor/chart.min.js
GET /vendor/papaparse.min.js
GET /github_stats_history.csv
GET /github_activity_log.csv
GET /favicon.ico
GET /
GET /vendor/chart.min.js
GET /vendor/papaparse.min.js
GET /github_stats_history.csv
GET /github_activity_log.csv
GET /favicon.ico
